
===== 压缩事件表 =====
  第9轮触发: 942→533 tok | 暗桩存活 1/3
    摘要: [已完成的操作]
串行创建目录并验证文件计数。已依次执行 `run_bash` 工具，成功创建并验证以下路径：`dir01/f01.txt`、`dir02/f02.txt`、`deep/dir03/f03.txt`、`d…
  第13轮触发: 937→536 tok | 暗桩存活 2/3
    摘要: [已完成的操作]
串行创建目录并验证文件计数。已依次执行 `run_bash` 工具，成功创建并验证以下路径：`dir01/f01.txt`、`dir02/f02.txt`、`deep/dir03/f03.txt`、`d…
  第17轮触发: 937→509 tok | 暗桩存活 1/3
    摘要: [已完成的操作]
串行创建目录并验证文件计数。已依次执行 `run_bash` 工具，成功创建并验证以下路径：`dir01/f01.txt`、`dir02/f02.txt`、`deep/dir03/f03.txt`、`d…
  第21轮触发: 913→512 tok | 暗桩存活 1/3
    摘要: [已完成的操作]
串行创建目录并验证文件计数。已依次执行 `run_bash` 工具，成功创建并验证以下路径：`dir01/f01.txt`、`dir02/f02.txt`、`deep/dir03/f03.txt`、`d…
  第25轮触发: 919→498 tok | 暗桩存活 1/3
    摘要: [已完成的操作]
串行创建目录并验证文件计数。已依次执行 `run_bash` 工具，成功创建并验证以下路径：`dir01/f01.txt`、`dir02/f02.txt`、`deep/dir03/f03.txt`、`d…
  第29轮触发: 905→497 tok | 暗桩存活 2/3
    摘要: [已完成的操作]
串行创建目录并验证文件计数。已依次执行 `run_bash` 工具，成功创建并验证以下路径：`dir01/f01.txt`、`dir02/f02.txt`、`deep/dir03/f03.txt`、`d…
  第33轮触发: 904→492 tok | 暗桩存活 1/3
    摘要: [已完成的操作]
串行创建目录并验证文件计数。已依次执行 `run_bash` 工具，成功创建并验证以下路径：`dir01/f01.txt`、`dir02/f02.txt`、`deep/dir03/f03.txt`、`d…
  第38轮触发: 1010→592 tok | 暗桩存活 1/3
    摘要: [已完成的操作]
串行创建目录并验证文件计数。已依次执行 `run_bash` 工具，成功创建并验证以下路径：`dir01/f01.txt`、`dir02/f02.txt`、`deep/dir03/f03.txt`、`d…
  第42轮触发: 1005→541 tok | 暗桩存活 1/3
    摘要: [已完成的操作]
串行创建目录并验证文件计数。已依次执行 `run_bash` 工具，成功创建并验证以下路径：`dir01/f01.txt`、`dir02/f02.txt`、`deep/dir03/f03.txt`、`d…
  第46轮触发: 971→607 tok | 暗桩存活 2/3
    摘要: [已完成的操作]
串行创建目录并验证文件计数。已依次执行 `run_bash` 工具，成功创建并验证以下路径：`dir01/f01.txt`、`dir02/f02.txt`、`deep/dir03/f03.txt`、`d…
  第49轮触发: 925→592 tok | 暗桩存活 1/3
    摘要: [已完成的操作]
串行创建目录并验证文件计数。已依次执行 `run_bash` 工具，成功创建并验证以下路径：`dir01/f01.txt`、`dir02/f02.txt`、`deep/dir03/f03.txt`、`d…
  第52轮触发: 919→527 tok | 暗桩存活 1/3
    摘要: [已完成的操作]
串行创建目录并验证文件计数。已依次执行 `run_bash` 工具，成功创建并验证以下路径：`dir01/f01.txt`、`dir02/f02.txt`、`deep/dir03/f03.txt`、`d…
  第56轮触发: 957→603 tok | 暗桩存活 1/3
    摘要: [已完成的操作]
串行创建目录并验证文件计数。已依次执行 `run_bash` 工具，成功创建并验证以下路径：`dir01/f01.txt`、`dir02/f02.txt`、`deep/dir03/f03.txt`、`d…
  第59轮触发: 922→593 tok | 暗桩存活 2/3
    摘要: [已完成的操作]
串行创建目录并验证文件计数。已依次执行 `run_bash` 工具，成功创建并验证以下路径：`dir01/f01.txt`、`dir02/f02.txt`、`deep/dir03/f03.txt`、`d…

目录建成: 20+ | deep/dir03 嵌套: ✅
最终回答: 

===== 验收 =====
① 压缩 ≥2 次: ✅ (实际 14 次)
② 任务级暗桩存活(压缩多次后): f07.txt ✅ | 数字42 ✅ | deep/dir03 ✅ | 单次摘要最高 2/3
③ 触发前峰值有界(≤阈值×1.3): ✅ | 峰值 [942, 937, 937, 913, 919, 905, 904, 1010, 1005, 971, 925, 919, 957, 922]
